<html>
<body>
<pre>
<h1>µVision Build Log</h1>
<h2>Tool Versions:</h2>
IDE-Version: ¦ÌVision V5.38.0.0
Copyright (C) 2022 ARM Ltd and ARM Germany GmbH. All rights reserved.
License Information: 114 14, 11, LIC=MPPLD-8N0BN-VE0HA-1QXQG-0DQAN-ZEKAZ
 
Tool Versions:
Toolchain:       MDK-ARM Plus  Version: 5.38.0.0
Toolchain Path:  F:\Keil\keil_mdk\ARM\ARMCC\Bin
C Compiler:      Armcc.exe V5.06 update 7 (build 960)
Assembler:       Armasm.exe V5.06 update 7 (build 960)
Linker/Locator:  ArmLink.exe V5.06 update 7 (build 960)
Library Manager: ArmAr.exe V5.06 update 7 (build 960)
Hex Converter:   FromElf.exe V5.06 update 7 (build 960)
CPU DLL:         SARMCM3.DLL V5.38.0.0
Dialog DLL:      DCM.DLL V1.17.5.0
Target DLL:      CMSIS_AGDI.dll V1.33.15.0
Dialog DLL:      TCM.DLL V1.56.4.0
 
<h2>Project:</h2>
C:\Users\F\Documents\GitHub\detect\Infantry_A(22.6.15)\MDK-ARM\HZU_Infantry_No1_A.uvprojx
Project File Date:  03/29/2024

<h2>Output:</h2>
*** Using Compiler 'V5.06 update 7 (build 960)', folder: 'F:\Keil\keil_mdk\ARM\ARMCC\Bin'
Build target 'HZU_Infantry_No1_A'
compiling test_task.c...
..\User\Task\test_task.c(489): warning:  #111-D: statement is unreachable
  			vTaskDelay(TRANSMIT_SHOW_DATA_TIME);       //35ms???
..\User\Task\test_task.c(448): warning:  #177-D: variable "UI_PushUp_Counter"  was declared but never referenced
  	uint16_t UI_PushUp_Counter = 261;
..\User\Task\test_task.c: 2 warnings, 0 errors
linking...
Program Size: Code=43152 RO-data=4064 RW-data=456 ZI-data=22584  
FromELF: creating hex file...
"HZU_Infantry_No1_A\HZU_Infantry_No1_A.axf" - 0 Error(s), 2 Warning(s).

<h2>Software Packages used:</h2>

Package Vendor: ARM
                http://www.keil.com/pack/ARM.CMSIS.5.9.0.pack
                ARM.CMSIS.5.9.0
                CMSIS (Common Microcontroller Software Interface Standard)
   * Component: CORE Version: 5.6.0

Package Vendor: Keil
                http://www.keil.com/pack/Keil.STM32F4xx_DFP.2.16.0.pack
                Keil.STM32F4xx_DFP.2.16.0
                STMicroelectronics STM32F4 Series Device Support, Drivers and Examples

<h2>Collection of Component include folders:</h2>
  ./RTE/_HZU_Infantry_No1_A
  F:/Keil/keil_mdk_pack/ARM/CMSIS/5.9.0/CMSIS/Core/Include
  F:/Keil/keil_mdk_pack/Keil/STM32F4xx_DFP/2.16.0/Drivers/CMSIS/Device/ST/STM32F4xx/Include

<h2>Collection of Component Files used:</h2>

   * Component: ARM::CMSIS:CORE:5.6.0
      Include file:  CMSIS/Core/Include/tz_context.h
Build Time Elapsed:  00:00:03
</pre>
</body>
</html>
