<html>
<body>
<pre>
<h1>µVision Build Log</h1>
<h2>Tool Versions:</h2>
IDE-Version: ¦ÌVision V5.38.0.0
Copyright (C) 2022 ARM Ltd and ARM Germany GmbH. All rights reserved.
License Information: Yog F, Yog_F, LIC=585FJ-UPT8Z-630MB-2VMQT-SD4AY-2MKV8
 
Tool Versions:
Toolchain:       MDK-ARM Plus  Version: 5.38.0.0
Toolchain Path:  D:\KEIL\ARM\ARM_Compiler\Bin
C Compiler:      Armcc.exe V5.06 update 7 (build 960)
Assembler:       Armasm.exe V5.06 update 7 (build 960)
Linker/Locator:  ArmLink.exe V5.06 update 7 (build 960)
Library Manager: ArmAr.exe V5.06 update 7 (build 960)
Hex Converter:   FromElf.exe V5.06 update 7 (build 960)
CPU DLL:         SARMCM3.DLL V5.38.0.0
Dialog DLL:      DCM.DLL V1.17.5.0
Target DLL:      STLink\ST-LINKIII-KEIL_SWO.dll V2.0.6.0_KEIL
Dialog DLL:      TCM.DLL V1.56.4.0
 
<h2>Project:</h2>
C:\Users\F\Documents\detect_test\detect\Infantry_A(22.6.15)\MDK-ARM\HZU_Infantry_No1_A.uvprojx
Project File Date:  03/14/2024

<h2>Output:</h2>
*** Using Compiler 'V5.06 update 7 (build 960)', folder: 'D:\KEIL\ARM\ARM_Compiler\Bin'
Build target 'HZU_Infantry_No1_A'
compiling chassis_task.c...
..\User\Task\chassis_task.c(49): warning:  #1035-D: single-precision operand implicitly converted to double-precision
  		out=0.0778*in+562.3;
..\User\Task\chassis_task.c(51): warning:  #1035-D: single-precision operand implicitly converted to double-precision
  		out=0.1319*in+559.8;
..\User\Task\chassis_task.c(53): warning:  #1035-D: single-precision operand implicitly converted to double-precision
  		out=0.0804*in+567.7;
..\User\Task\chassis_task.c(55): warning:  #1035-D: single-precision operand implicitly converted to double-precision
  		out=0.0553*in+572.5;
..\User\Task\chassis_task.c(57): warning:  #1035-D: single-precision operand implicitly converted to double-precision
  		out=0.0602*in+571.5;
..\User\Task\chassis_task.c(59): warning:  #1035-D: single-precision operand implicitly converted to double-precision
  		out=0.0399*in+575.5;
..\User\Task\chassis_task.c: 6 warnings, 0 errors
linking...
Program Size: Code=33948 RO-data=4060 RW-data=320 ZI-data=21816  
FromELF: creating hex file...
"HZU_Infantry_No1_A\HZU_Infantry_No1_A.axf" - 0 Error(s), 6 Warning(s).

<h2>Software Packages used:</h2>

Package Vendor: ARM
                http://www.keil.com/pack/ARM.CMSIS.5.9.0.pack
                ARM.CMSIS.5.9.0
                CMSIS (Common Microcontroller Software Interface Standard)
   * Component: CORE Version: 5.6.0

Package Vendor: Keil
                https://www.keil.com/pack/Keil.STM32F4xx_DFP.2.17.1.pack
                Keil.STM32F4xx_DFP.2.17.1
                STMicroelectronics STM32F4 Series Device Support, Drivers and Examples

<h2>Collection of Component include folders:</h2>
  ./RTE/_HZU_Infantry_No1_A
  D:/KEIL/PACK/ARM/CMSIS/5.9.0/CMSIS/Core/Include
  D:/KEIL/PACK/Keil/STM32F4xx_DFP/2.17.1/Drivers/CMSIS/Device/ST/STM32F4xx/Include

<h2>Collection of Component Files used:</h2>

   * Component: ARM::CMSIS:CORE:5.6.0
      Include file:  CMSIS/Core/Include/tz_context.h
Build Time Elapsed:  00:00:05
</pre>
</body>
</html>
